[debug] [2026-08-25T20:22:45.787Z] ----------------------------------------------------------------------
[debug] [2026-08-25T20:22:45.789Z] Command:       /exec-daemon/node /home/ubuntu/.npm/_npx/ba4f1959e38407b5/node_modules/.bin/firebase emulators:start --only auth,firestore --project demo-nyxpulse
[debug] [2026-08-25T20:22:45.789Z] CLI Version:   15.28.1
[debug] [2026-08-25T20:22:45.789Z] Platform:      linux
[debug] [2026-08-25T20:22:45.789Z] Node Version:  v22.14.0
[debug] [2026-08-25T20:22:45.789Z] Detected Agent: cursor
[debug] [2026-08-25T20:22:45.789Z] Time:          Tue Aug 25 2026 20:22:45 GMT+0000 (Coordinated Universal Time)
[debug] [2026-08-25T20:22:45.789Z] ----------------------------------------------------------------------
[debug] 
[debug] [2026-08-25T20:22:45.796Z] >>> [apiv2][query] GET https://firebase-public.firebaseio.com/cli.json [none]
[warn] ⚠  Could not find config (firebase.json) so using defaults. 
[debug] [2026-08-25T20:22:46.181Z] openjdk version "21.0.10" 2026-01-20

[debug] [2026-08-25T20:22:46.182Z] OpenJDK Runtime Environment (build 21.0.10+7-Ubuntu-124.04)
OpenJDK 64-Bit Server VM (build 21.0.10+7-Ubuntu-124.04, mixed mode, sharing)

[debug] [2026-08-25T20:22:46.185Z] Parsed Java major version: 21
[info] i  emulators: Starting emulators: auth, firestore {"metadata":{"emulator":{"name":"hub"},"message":"Starting emulators: auth, firestore"}}
[info] i  emulators: Detected demo project ID "demo-nyxpulse", emulated services will use a demo configuration and attempts to access non-emulated services for this project will fail. {"metadata":{"emulator":{"name":"hub"},"message":"Detected demo project ID \"demo-nyxpulse\", emulated services will use a demo configuration and attempts to access non-emulated services for this project will fail."}}
[debug] [2026-08-25T20:22:46.188Z] [logging] Logging Emulator only supports listening on one address (127.0.0.1). Not listening on ::1
[debug] [2026-08-25T20:22:46.188Z] [auth] Authentication Emulator only supports listening on one address (127.0.0.1). Not listening on ::1
[debug] [2026-08-25T20:22:46.188Z] [firestore] Firestore Emulator only supports listening on one address (127.0.0.1). Not listening on ::1
[debug] [2026-08-25T20:22:46.188Z] [firestore.websocket] websocket server for firestore only supports listening on one address (127.0.0.1). Not listening on ::1
[debug] [2026-08-25T20:22:46.188Z] assigned listening specs for emulators {"user":{"hub":[{"address":"127.0.0.1","family":"IPv4","port":4400},{"address":"::1","family":"IPv6","port":4400}],"ui":[{"address":"127.0.0.1","family":"IPv4","port":4000},{"address":"::1","family":"IPv6","port":4000}],"logging":[{"address":"127.0.0.1","family":"IPv4","port":4500}],"auth":[{"address":"127.0.0.1","family":"IPv4","port":9099}],"firestore":[{"address":"127.0.0.1","family":"IPv4","port":8080}],"firestore.websocket":[{"address":"127.0.0.1","family":"IPv4","port":9150}]},"metadata":{"message":"assigned listening specs for emulators"}}
[debug] [2026-08-25T20:22:46.191Z] Write emulator hub locator at /tmp/hub-demo-nyxpulse.json
[warn] ⚠  firestore: Did not find a Cloud Firestore rules file specified in a firebase.json config file. {"metadata":{"emulator":{"name":"firestore"},"message":"Did not find a Cloud Firestore rules file specified in a firebase.json config file."}}
[warn] ⚠  firestore: The emulator will default to allowing all reads and writes. Learn more about this option: https://firebase.google.com/docs/emulator-suite/install_and_configure#security_rules_configuration. {"metadata":{"emulator":{"name":"firestore"},"message":"The emulator will default to allowing all reads and writes. Learn more about this option: https://firebase.google.com/docs/emulator-suite/install_and_configure#security_rules_configuration."}}
[info] i  firestore: downloading cloud-firestore-emulator-v1.22.0.jar... {"metadata":{"emulator":{"name":"firestore"},"message":"downloading cloud-firestore-emulator-v1.22.0.jar..."}}
[debug] [2026-08-25T20:22:46.194Z] >>> [apiv2][query] GET https://storage.googleapis.com/firebase-preview-drop/emulator/cloud-firestore-emulator-v1.22.0.jar 
[debug] [2026-08-25T20:22:46.295Z] <<< [apiv2][status] GET https://storage.googleapis.com/firebase-preview-drop/emulator/cloud-firestore-emulator-v1.22.0.jar 200
[debug] [2026-08-25T20:22:46.295Z] <<< [apiv2][body] GET https://storage.googleapis.com/firebase-preview-drop/emulator/cloud-firestore-emulator-v1.22.0.jar [stream]
[debug] [2026-08-25T20:22:46.338Z] <<< [apiv2][status] GET https://firebase-public.firebaseio.com/cli.json 200
[debug] [2026-08-25T20:22:46.338Z] <<< [apiv2][body] GET https://firebase-public.firebaseio.com/cli.json {"cloudBuildErrorAfter":1594252800000,"cloudBuildWarnAfter":1590019200000,"defaultNode10After":1594252800000,"minVersion":"3.0.5","node8DeploysDisabledAfter":1613390400000,"node8RuntimeDisabledAfter":1615809600000,"node8WarnAfter":1600128000000}
[debug] [2026-08-25T20:22:47.418Z] Ignoring unsupported arg: auto_download {"metadata":{"emulator":{"name":"firestore"},"message":"Ignoring unsupported arg: auto_download"}}
[debug] [2026-08-25T20:22:47.419Z] Ignoring unsupported arg: single_project_mode_error {"metadata":{"emulator":{"name":"firestore"},"message":"Ignoring unsupported arg: single_project_mode_error"}}
[debug] [2026-08-25T20:22:47.419Z] Starting Firestore Emulator with command {"binary":"java","args":["-Dgoogle.cloud_firestore.debug_log_level=FINE","-Duser.language=en","-jar","/home/ubuntu/.cache/firebase/emulators/cloud-firestore-emulator-v1.22.0.jar","--host","127.0.0.1","--port",8080,"--websocket_port",9150,"--database-edition","standard","--project_id","demo-nyxpulse","--single_project_mode",true],"optionalArgs":["port","webchannel_port","host","rules","websocket_port","database-edition","functions_emulator","seed_from_export","project_id","single_project_mode"],"joinArgs":false,"shell":false,"port":8080} {"metadata":{"emulator":{"name":"firestore"},"message":"Starting Firestore Emulator with command {\"binary\":\"java\",\"args\":[\"-Dgoogle.cloud_firestore.debug_log_level=FINE\",\"-Duser.language=en\",\"-jar\",\"/home/ubuntu/.cache/firebase/emulators/cloud-firestore-emulator-v1.22.0.jar\",\"--host\",\"127.0.0.1\",\"--port\",8080,\"--websocket_port\",9150,\"--database-edition\",\"standard\",\"--project_id\",\"demo-nyxpulse\",\"--single_project_mode\",true],\"optionalArgs\":[\"port\",\"webchannel_port\",\"host\",\"rules\",\"websocket_port\",\"database-edition\",\"functions_emulator\",\"seed_from_export\",\"project_id\",\"single_project_mode\"],\"joinArgs\":false,\"shell\":false,\"port\":8080}"}}
[info] i  firestore: Firestore Emulator logging to firestore-debug.log {"metadata":{"emulator":{"name":"firestore"},"message":"Firestore Emulator logging to firestore-debug.log"}}
[debug] [2026-08-25T20:22:48.325Z] Aug 25, 2026 8:22:48 PM com.google.cloud.datastore.emulator.firestore.websocket.WebSocketServer start
INFO: Started WebSocket server on ws://127.0.0.1:9150
 {"metadata":{"emulator":{"name":"firestore"},"message":"Aug 25, 2026 8:22:48 PM com.google.cloud.datastore.emulator.firestore.websocket.WebSocketServer start\nINFO: Started WebSocket server on ws://127.0.0.1:9150\n"}}
[debug] [2026-08-25T20:22:48.345Z] 
API endpoint: http://127.0.0.1:8080
Database Edition: STANDARD
 {"metadata":{"emulator":{"name":"firestore"},"message":"\nAPI endpoint: http://127.0.0.1:8080\nDatabase Edition: STANDARD\n"}}
[debug] [2026-08-25T20:22:48.345Z] Database Mode: CLOUD_FIRESTORE

If you are using a library that supports the FIRESTORE_EMULATOR_HOST environment variable, run:

   export FIRESTORE_EMULATOR_HOST=127.0.0.1:8080

If you are running a Firestore in Datastore Mode project, run:

   export DATASTORE_EMULATOR_HOST=127.0.0.1:8080

Note: Support for Datastore Mode is in preview. If you encounter any bugs please file at https://github.com/firebase/firebase-tools/issues.
Dev App Server is now running.

 {"metadata":{"emulator":{"name":"firestore"},"message":"Database Mode: CLOUD_FIRESTORE\n\nIf you are using a library that supports the FIRESTORE_EMULATOR_HOST environment variable, run:\n\n   export FIRESTORE_EMULATOR_HOST=127.0.0.1:8080\n\nIf you are running a Firestore in Datastore Mode project, run:\n\n   export DATASTORE_EMULATOR_HOST=127.0.0.1:8080\n\nNote: Support for Datastore Mode is in preview. If you encounter any bugs please file at https://github.com/firebase/firebase-tools/issues.\nDev App Server is now running.\n\n"}}
[info] ✔  firestore: Firestore Emulator was started in standard edition. {"metadata":{"emulator":{"name":"firestore"},"message":"Firestore Emulator was started in standard edition."}}
[info] ✔  firestore: Firestore Emulator UI websocket is running on 9150. {"metadata":{"emulator":{"name":"firestore"},"message":"Firestore Emulator UI websocket is running on 9150."}}
[info] i  ui: downloading ui-v1.15.0.zip... {"metadata":{"emulator":{"name":"ui"},"message":"downloading ui-v1.15.0.zip..."}}
[debug] [2026-08-25T20:22:52.267Z] >>> [apiv2][query] GET https://storage.googleapis.com/firebase-preview-drop/emulator/ui-v1.15.0.zip 
[debug] [2026-08-25T20:22:52.325Z] <<< [apiv2][status] GET https://storage.googleapis.com/firebase-preview-drop/emulator/ui-v1.15.0.zip 200
[debug] [2026-08-25T20:22:52.325Z] <<< [apiv2][body] GET https://storage.googleapis.com/firebase-preview-drop/emulator/ui-v1.15.0.zip [stream]
[debug] [2026-08-25T20:22:52.467Z] Data is 3538469
[debug] [2026-08-25T20:22:52.468Z] [unzip] Entry: client/ (compressed_size=0 bytes, uncompressed_size=0 bytes)
[debug] [2026-08-25T20:22:52.468Z] [unzip] Processing entry: client/
[debug] [2026-08-25T20:22:52.468Z] [unzip] mkdir: /home/ubuntu/.cache/firebase/emulators/ui-v1.15.0/client/
[debug] [2026-08-25T20:22:52.469Z] [unzip] Entry: client/favicon-16x16.png (compressed_size=293 bytes, uncompressed_size=293 bytes)
[debug] [2026-08-25T20:22:52.469Z] [unzip] Processing entry: client/favicon-16x16.png
[debug] [2026-08-25T20:22:52.469Z] [unzip] else mkdir: /home/ubuntu/.cache/firebase/emulators/ui-v1.15.0/client
[debug] [2026-08-25T20:22:52.469Z] [unzip] Writing file: /home/ubuntu/.cache/firebase/emulators/ui-v1.15.0/client/favicon-16x16.png
[debug] [2026-08-25T20:22:52.469Z] [unzip] Entry: client/safari-pinned-tab.svg (compressed_size=1433 bytes, uncompressed_size=2611 bytes)
[debug] [2026-08-25T20:22:52.469Z] [unzip] Processing entry: client/safari-pinned-tab.svg
[debug] [2026-08-25T20:22:52.469Z] [unzip] else mkdir: /home/ubuntu/.cache/firebase/emulators/ui-v1.15.0/client
[debug] [2026-08-25T20:22:52.469Z] [unzip] deflating: /home/ubuntu/.cache/firebase/emulators/ui-v1.15.0/client/safari-pinned-tab.svg
[debug] [2026-08-25T20:22:52.471Z] [unzip] Entry: client/favicon.ico (compressed_size=2933 bytes, uncompressed_size=13294 bytes)
[debug] [2026-08-25T20:22:52.471Z] [unzip] Processing entry: client/favicon.ico
[debug] [2026-08-25T20:22:52.471Z] [unzip] else mkdir: /home/ubuntu/.cache/firebase/emulators/ui-v1.15.0/client
[debug] [2026-08-25T20:22:52.472Z] [unzip] deflating: /home/ubuntu/.cache/firebase/emulators/ui-v1.15.0/client/favicon.ico
[debug] [2026-08-25T20:22:52.472Z] [unzip] Entry: client/index.html (compressed_size=1364 bytes, uncompressed_size=3071 bytes)
[debug] [2026-08-25T20:22:52.473Z] [unzip] Processing entry: client/index.html
[debug] [2026-08-25T20:22:52.473Z] [unzip] else mkdir: /home/ubuntu/.cache/firebase/emulators/ui-v1.15.0/client
[debug] [2026-08-25T20:22:52.473Z] [unzip] deflating: /home/ubuntu/.cache/firebase/emulators/ui-v1.15.0/client/index.html
[debug] [2026-08-25T20:22:52.473Z] [unzip] Entry: client/android-chrome-192x192.png (compressed_size=2684 bytes, uncompressed_size=2684 bytes)
[debug] [2026-08-25T20:22:52.473Z] [unzip] Processing entry: client/android-chrome-192x192.png
[debug] [2026-08-25T20:22:52.473Z] [unzip] else mkdir: /home/ubuntu/.cache/firebase/emulators/ui-v1.15.0/client
[debug] [2026-08-25T20:22:52.473Z] [unzip] Writing file: /home/ubuntu/.cache/firebase/emulators/ui-v1.15.0/client/android-chrome-192x192.png
[debug] [2026-08-25T20:22:52.473Z] [unzip] Entry: client/apple-touch-icon.png (compressed_size=2123 bytes, uncompressed_size=2152 bytes)
[debug] [2026-08-25T20:22:52.473Z] [unzip] Processing entry: client/apple-touch-icon.png
[debug] [2026-08-25T20:22:52.474Z] [unzip] else mkdir: /home/ubuntu/.cache/firebase/emulators/ui-v1.15.0/client
[debug] [2026-08-25T20:22:52.474Z] [unzip] deflating: /home/ubuntu/.cache/firebase/emulators/ui-v1.15.0/client/apple-touch-icon.png
[debug] [2026-08-25T20:22:52.474Z] [unzip] Entry: client/android-chrome-512x512.png (compressed_size=5369 bytes, uncompressed_size=5411 bytes)
[debug] [2026-08-25T20:22:52.474Z] [unzip] Processing entry: client/android-chrome-512x512.png
[debug] [2026-08-25T20:22:52.474Z] [unzip] else mkdir: /home/ubuntu/.cache/firebase/emulators/ui-v1.15.0/client
[debug] [2026-08-25T20:22:52.474Z] [unzip] deflating: /home/ubuntu/.cache/firebase/emulators/ui-v1.15.0/client/android-chrome-512x512.png
[debug] [2026-08-25T20:22:52.475Z] [unzip] Entry: client/manifest.json (compressed_size=245 bytes, uncompressed_size=551 bytes)
[debug] [2026-08-25T20:22:52.475Z] [unzip] Processing entry: client/manifest.json
[debug] [2026-08-25T20:22:52.475Z] [unzip] else mkdir: /home/ubuntu/.cache/firebase/emulators/ui-v1.15.0/client
[debug] [2026-08-25T20:22:52.479Z] [unzip] deflating: /home/ubuntu/.cache/firebase/emulators/ui-v1.15.0/client/manifest.json
[debug] [2026-08-25T20:22:52.479Z] [unzip] Entry: client/robots.txt (compressed_size=26 bytes, uncompressed_size=26 bytes)
[debug] [2026-08-25T20:22:52.479Z] [unzip] Processing entry: client/robots.txt
[debug] [2026-08-25T20:22:52.479Z] [unzip] else mkdir: /home/ubuntu/.cache/firebase/emulators/ui-v1.15.0/client
[debug] [2026-08-25T20:22:52.480Z] [unzip] Writing file: /home/ubuntu/.cache/firebase/emulators/ui-v1.15.0/client/robots.txt
[debug] [2026-08-25T20:22:52.481Z] [unzip] Entry: client/mstile-150x150.png (compressed_size=2034 bytes, uncompressed_size=2034 bytes)
[debug] [2026-08-25T20:22:52.481Z] [unzip] Processing entry: client/mstile-150x150.png
[debug] [2026-08-25T20:22:52.481Z] [unzip] else mkdir: /home/ubuntu/.cache/firebase/emulators/ui-v1.15.0/client
[debug] [2026-08-25T20:22:52.481Z] [unzip] Writing file: /home/ubuntu/.cache/firebase/emulators/ui-v1.15.0/client/mstile-150x150.png
[debug] [2026-08-25T20:22:52.481Z] [unzip] Entry: client/assets/ (compressed_size=0 bytes, uncompressed_size=0 bytes)
[debug] [2026-08-25T20:22:52.481Z] [unzip] Processing entry: client/assets/
[debug] [2026-08-25T20:22:52.481Z] [unzip] mkdir: /home/ubuntu/.cache/firebase/emulators/ui-v1.15.0/client/assets/
[debug] [2026-08-25T20:22:52.481Z] [unzip] Entry: client/assets/index-BX-A56oj.js (compressed_size=582089 bytes, uncompressed_size=2092775 bytes)
[debug] [2026-08-25T20:22:52.481Z] [unzip] Processing entry: client/assets/index-BX-A56oj.js
[debug] [2026-08-25T20:22:52.482Z] [unzip] else mkdir: /home/ubuntu/.cache/firebase/emulators/ui-v1.15.0/client/assets
[debug] [2026-08-25T20:22:52.482Z] [unzip] deflating: /home/ubuntu/.cache/firebase/emulators/ui-v1.15.0/client/assets/index-BX-A56oj.js
[debug] [2026-08-25T20:22:52.492Z] [unzip] Entry: client/assets/index-CjB9C900.css (compressed_size=35979 bytes, uncompressed_size=298654 bytes)
[debug] [2026-08-25T20:22:52.492Z] [unzip] Processing entry: client/assets/index-CjB9C900.css
[debug] [2026-08-25T20:22:52.492Z] [unzip] else mkdir: /home/ubuntu/.cache/firebase/emulators/ui-v1.15.0/client/assets
[debug] [2026-08-25T20:22:52.492Z] [unzip] deflating: /home/ubuntu/.cache/firebase/emulators/ui-v1.15.0/client/assets/index-CjB9C900.css
[debug] [2026-08-25T20:22:52.493Z] [unzip] Entry: client/assets/index-BX-A56oj.js.map (compressed_size=2362482 bytes, uncompressed_size=10036679 bytes)
[debug] [2026-08-25T20:22:52.493Z] [unzip] Processing entry: client/assets/index-BX-A56oj.js.map
[debug] [2026-08-25T20:22:52.493Z] [unzip] else mkdir: /home/ubuntu/.cache/firebase/emulators/ui-v1.15.0/client/assets
[debug] [2026-08-25T20:22:52.493Z] [unzip] deflating: /home/ubuntu/.cache/firebase/emulators/ui-v1.15.0/client/assets/index-BX-A56oj.js.map
[debug] [2026-08-25T20:22:52.529Z] [unzip] Entry: client/assets/extensions/ (compressed_size=0 bytes, uncompressed_size=0 bytes)
[debug] [2026-08-25T20:22:52.529Z] [unzip] Processing entry: client/assets/extensions/
[debug] [2026-08-25T20:22:52.529Z] [unzip] mkdir: /home/ubuntu/.cache/firebase/emulators/ui-v1.15.0/client/assets/extensions/
[debug] [2026-08-25T20:22:52.529Z] [unzip] Entry: client/assets/extensions/default-extension.png (compressed_size=1646 bytes, uncompressed_size=1657 bytes)
[debug] [2026-08-25T20:22:52.529Z] [unzip] Processing entry: client/assets/extensions/default-extension.png
[debug] [2026-08-25T20:22:52.529Z] [unzip] else mkdir: /home/ubuntu/.cache/firebase/emulators/ui-v1.15.0/client/assets/extensions
[debug] [2026-08-25T20:22:52.529Z] [unzip] deflating: /home/ubuntu/.cache/firebase/emulators/ui-v1.15.0/client/assets/extensions/default-extension.png
[debug] [2026-08-25T20:22:52.529Z] [unzip] Entry: client/assets/img/ (compressed_size=0 bytes, uncompressed_size=0 bytes)
[debug] [2026-08-25T20:22:52.530Z] [unzip] Processing entry: client/assets/img/
[debug] [2026-08-25T20:22:52.530Z] [unzip] mkdir: /home/ubuntu/.cache/firebase/emulators/ui-v1.15.0/client/assets/img/
[debug] [2026-08-25T20:22:52.530Z] [unzip] Entry: client/assets/img/database.png (compressed_size=29449 bytes, uncompressed_size=29988 bytes)
[debug] [2026-08-25T20:22:52.530Z] [unzip] Processing entry: client/assets/img/database.png
[debug] [2026-08-25T20:22:52.530Z] [unzip] else mkdir: /home/ubuntu/.cache/firebase/emulators/ui-v1.15.0/client/assets/img
[debug] [2026-08-25T20:22:52.530Z] [unzip] deflating: /home/ubuntu/.cache/firebase/emulators/ui-v1.15.0/client/assets/img/database.png
[debug] [2026-08-25T20:22:52.530Z] [unzip] Entry: client/assets/provider-icons/ (compressed_size=0 bytes, uncompressed_size=0 bytes)
[debug] [2026-08-25T20:22:52.530Z] [unzip] Processing entry: client/assets/provider-icons/
[debug] [2026-08-25T20:22:52.531Z] [unzip] mkdir: /home/ubuntu/.cache/firebase/emulators/ui-v1.15.0/client/assets/provider-icons/
[debug] [2026-08-25T20:22:52.531Z] [unzip] Entry: client/assets/provider-icons/auth_service_saml.svg (compressed_size=575 bytes, uncompressed_size=1226 bytes)
[debug] [2026-08-25T20:22:52.531Z] [unzip] Processing entry: client/assets/provider-icons/auth_service_saml.svg
[debug] [2026-08-25T20:22:52.531Z] [unzip] else mkdir: /home/ubuntu/.cache/firebase/emulators/ui-v1.15.0/client/assets/provider-icons
[debug] [2026-08-25T20:22:52.531Z] [unzip] deflating: /home/ubuntu/.cache/firebase/emulators/ui-v1.15.0/client/assets/provider-icons/auth_service_saml.svg
[debug] [2026-08-25T20:22:52.531Z] [unzip] Entry: client/assets/provider-icons/auth_service_phone.svg (compressed_size=261 bytes, uncompressed_size=414 bytes)
[debug] [2026-08-25T20:22:52.531Z] [unzip] Processing entry: client/assets/provider-icons/auth_service_phone.svg
[debug] [2026-08-25T20:22:52.531Z] [unzip] else mkdir: /home/ubuntu/.cache/firebase/emulators/ui-v1.15.0/client/assets/provider-icons
[debug] [2026-08-25T20:22:52.531Z] [unzip] deflating: /home/ubuntu/.cache/firebase/emulators/ui-v1.15.0/client/assets/provider-icons/auth_service_phone.svg
[debug] [2026-08-25T20:22:52.532Z] [unzip] Entry: client/assets/provider-icons/auth_service_facebook.svg (compressed_size=289 bytes, uncompressed_size=457 bytes)
[debug] [2026-08-25T20:22:52.532Z] [unzip] Processing entry: client/assets/provider-icons/auth_service_facebook.svg
[debug] [2026-08-25T20:22:52.532Z] [unzip] else mkdir: /home/ubuntu/.cache/firebase/emulators/ui-v1.15.0/client/assets/provider-icons
[debug] [2026-08-25T20:22:52.532Z] [unzip] deflating: /home/ubuntu/.cache/firebase/emulators/ui-v1.15.0/client/assets/provider-icons/auth_service_facebook.svg
[debug] [2026-08-25T20:22:52.532Z] [unzip] Entry: client/assets/provider-icons/auth_service_game_center.svg (compressed_size=991 bytes, uncompressed_size=3921 bytes)
[debug] [2026-08-25T20:22:52.532Z] [unzip] Processing entry: client/assets/provider-icons/auth_service_game_center.svg
[debug] [2026-08-25T20:22:52.532Z] [unzip] else mkdir: /home/ubuntu/.cache/firebase/emulators/ui-v1.15.0/client/assets/provider-icons
[debug] [2026-08-25T20:22:52.532Z] [unzip] deflating: /home/ubuntu/.cache/firebase/emulators/ui-v1.15.0/client/assets/provider-icons/auth_service_game_center.svg
[debug] [2026-08-25T20:22:52.533Z] [unzip] Entry: client/assets/provider-icons/auth_service_apple.svg (compressed_size=230 bytes, uncompressed_size=334 bytes)
[debug] [2026-08-25T20:22:52.533Z] [unzip] Processing entry: client/assets/provider-icons/auth_service_apple.svg
[debug] [2026-08-25T20:22:52.533Z] [unzip] else mkdir: /home/ubuntu/.cache/firebase/emulators/ui-v1.15.0/client/assets/provider-icons
[debug] [2026-08-25T20:22:52.533Z] [unzip] deflating: /home/ubuntu/.cache/firebase/emulators/ui-v1.15.0/client/assets/provider-icons/auth_service_apple.svg
[debug] [2026-08-25T20:22:52.534Z] [unzip] Entry: client/assets/provider-icons/auth_service_github.svg (compressed_size=466 bytes, uncompressed_size=838 bytes)
[debug] [2026-08-25T20:22:52.534Z] [unzip] Processing entry: client/assets/provider-icons/auth_service_github.svg
[debug] [2026-08-25T20:22:52.534Z] [unzip] else mkdir: /home/ubuntu/.cache/firebase/emulators/ui-v1.15.0/client/assets/provider-icons
[debug] [2026-08-25T20:22:52.534Z] [unzip] deflating: /home/ubuntu/.cache/firebase/emulators/ui-v1.15.0/client/assets/provider-icons/auth_service_github.svg
[debug] [2026-08-25T20:22:52.534Z] [unzip] Entry: client/assets/provider-icons/auth_service_mslive.svg (compressed_size=203 bytes, uncompressed_size=378 bytes)
[debug] [2026-08-25T20:22:52.534Z] [unzip] Processing entry: client/assets/provider-icons/auth_service_mslive.svg
[debug] [2026-08-25T20:22:52.534Z] [unzip] else mkdir: /home/ubuntu/.cache/firebase/emulators/ui-v1.15.0/client/assets/provider-icons
[debug] [2026-08-25T20:22:52.535Z] [unzip] deflating: /home/ubuntu/.cache/firebase/emulators/ui-v1.15.0/client/assets/provider-icons/auth_service_mslive.svg
[debug] [2026-08-25T20:22:52.535Z] [unzip] Entry: client/assets/provider-icons/auth_service_yahoo.svg (compressed_size=577 bytes, uncompressed_size=1182 bytes)
[debug] [2026-08-25T20:22:52.535Z] [unzip] Processing entry: client/assets/provider-icons/auth_service_yahoo.svg
[debug] [2026-08-25T20:22:52.535Z] [unzip] else mkdir: /home/ubuntu/.cache/firebase/emulators/ui-v1.15.0/client/assets/provider-icons
[debug] [2026-08-25T20:22:52.535Z] [unzip] deflating: /home/ubuntu/.cache/firebase/emulators/ui-v1.15.0/client/assets/provider-icons/auth_service_yahoo.svg
[debug] [2026-08-25T20:22:52.536Z] [unzip] Entry: client/assets/provider-icons/auth_service_twitter.svg (compressed_size=444 bytes, uncompressed_size=751 bytes)
[debug] [2026-08-25T20:22:52.536Z] [unzip] Processing entry: client/assets/provider-icons/auth_service_twitter.svg
[debug] [2026-08-25T20:22:52.536Z] [unzip] else mkdir: /home/ubuntu/.cache/firebase/emulators/ui-v1.15.0/client/assets/provider-icons
[debug] [2026-08-25T20:22:52.536Z] [unzip] deflating: /home/ubuntu/.cache/firebase/emulators/ui-v1.15.0/client/assets/provider-icons/auth_service_twitter.svg
[debug] [2026-08-25T20:22:52.536Z] [unzip] Entry: client/assets/provider-icons/auth_service_play_games.svg (compressed_size=565 bytes, uncompressed_size=1173 bytes)
[debug] [2026-08-25T20:22:52.536Z] [unzip] Processing entry: client/assets/provider-icons/auth_service_play_games.svg
[debug] [2026-08-25T20:22:52.536Z] [unzip] else mkdir: /home/ubuntu/.cache/firebase/emulators/ui-v1.15.0/client/assets/provider-icons
[debug] [2026-08-25T20:22:52.536Z] [unzip] deflating: /home/ubuntu/.cache/firebase/emulators/ui-v1.15.0/client/assets/provider-icons/auth_service_play_games.svg
[debug] [2026-08-25T20:22:52.537Z] [unzip] Entry: client/assets/provider-icons/auth_service_email.svg (compressed_size=228 bytes, uncompressed_size=326 bytes)
[debug] [2026-08-25T20:22:52.537Z] [unzip] Processing entry: client/assets/provider-icons/auth_service_email.svg
[debug] [2026-08-25T20:22:52.537Z] [unzip] else mkdir: /home/ubuntu/.cache/firebase/emulators/ui-v1.15.0/client/assets/provider-icons
[debug] [2026-08-25T20:22:52.537Z] [unzip] deflating: /home/ubuntu/.cache/firebase/emulators/ui-v1.15.0/client/assets/provider-icons/auth_service_email.svg
[debug] [2026-08-25T20:22:52.537Z] [unzip] Entry: client/assets/provider-icons/auth_service_google.svg (compressed_size=409 bytes, uncompressed_size=720 bytes)
[debug] [2026-08-25T20:22:52.537Z] [unzip] Processing entry: client/assets/provider-icons/auth_service_google.svg
[debug] [2026-08-25T20:22:52.537Z] [unzip] else mkdir: /home/ubuntu/.cache/firebase/emulators/ui-v1.15.0/client/assets/provider-icons
[debug] [2026-08-25T20:22:52.537Z] [unzip] deflating: /home/ubuntu/.cache/firebase/emulators/ui-v1.15.0/client/assets/provider-icons/auth_service_google.svg
[debug] [2026-08-25T20:22:52.537Z] [unzip] Entry: client/assets/provider-icons/auth_service_oidc.svg (compressed_size=414 bytes, uncompressed_size=858 bytes)
[debug] [2026-08-25T20:22:52.537Z] [unzip] Processing entry: client/assets/provider-icons/auth_service_oidc.svg
[debug] [2026-08-25T20:22:52.537Z] [unzip] else mkdir: /home/ubuntu/.cache/firebase/emulators/ui-v1.15.0/client/assets/provider-icons
[debug] [2026-08-25T20:22:52.537Z] [unzip] deflating: /home/ubuntu/.cache/firebase/emulators/ui-v1.15.0/client/assets/provider-icons/auth_service_oidc.svg
[debug] [2026-08-25T20:22:52.538Z] [unzip] Entry: client/browserconfig.xml (compressed_size=491 bytes, uncompressed_size=822 bytes)
[debug] [2026-08-25T20:22:52.538Z] [unzip] Processing entry: client/browserconfig.xml
[debug] [2026-08-25T20:22:52.538Z] [unzip] else mkdir: /home/ubuntu/.cache/firebase/emulators/ui-v1.15.0/client
[debug] [2026-08-25T20:22:52.538Z] [unzip] deflating: /home/ubuntu/.cache/firebase/emulators/ui-v1.15.0/client/browserconfig.xml
[debug] [2026-08-25T20:22:52.538Z] [unzip] Entry: client/favicon-32x32.png (compressed_size=475 bytes, uncompressed_size=475 bytes)
[debug] [2026-08-25T20:22:52.538Z] [unzip] Processing entry: client/favicon-32x32.png
[debug] [2026-08-25T20:22:52.538Z] [unzip] else mkdir: /home/ubuntu/.cache/firebase/emulators/ui-v1.15.0/client
[debug] [2026-08-25T20:22:52.538Z] [unzip] Writing file: /home/ubuntu/.cache/firebase/emulators/ui-v1.15.0/client/favicon-32x32.png
[debug] [2026-08-25T20:22:52.538Z] [unzip] Entry: server/ (compressed_size=0 bytes, uncompressed_size=0 bytes)
[debug] [2026-08-25T20:22:52.538Z] [unzip] Processing entry: server/
[debug] [2026-08-25T20:22:52.539Z] [unzip] mkdir: /home/ubuntu/.cache/firebase/emulators/ui-v1.15.0/server/
[debug] [2026-08-25T20:22:52.539Z] [unzip] Entry: server/server.mjs.map (compressed_size=217845 bytes, uncompressed_size=944978 bytes)
[debug] [2026-08-25T20:22:52.539Z] [unzip] Processing entry: server/server.mjs.map
[debug] [2026-08-25T20:22:52.539Z] [unzip] else mkdir: /home/ubuntu/.cache/firebase/emulators/ui-v1.15.0/server
[debug] [2026-08-25T20:22:52.539Z] [unzip] deflating: /home/ubuntu/.cache/firebase/emulators/ui-v1.15.0/server/server.mjs.map
[debug] [2026-08-25T20:22:52.542Z] [unzip] Entry: server/server.mjs (compressed_size=276407 bytes, uncompressed_size=933701 bytes)
[debug] [2026-08-25T20:22:52.543Z] [unzip] Processing entry: server/server.mjs
[debug] [2026-08-25T20:22:52.543Z] [unzip] else mkdir: /home/ubuntu/.cache/firebase/emulators/ui-v1.15.0/server
[debug] [2026-08-25T20:22:52.543Z] [unzip] deflating: /home/ubuntu/.cache/firebase/emulators/ui-v1.15.0/server/server.mjs
[debug] [2026-08-25T20:22:52.551Z] Could not find VSCode notification endpoint: TypeError: fetch failed. If you are not running the Firebase SQL Connect VSCode extension, this is expected and not an issue.
[info] 
┌─────────────────────────────────────────────────────────────┐
│ ✔  All emulators ready! It is now safe to connect your app. │
│ i  View Emulator UI at http://127.0.0.1:4000/               │
└─────────────────────────────────────────────────────────────┘

┌────────────────┬────────────────┬─────────────────────────────────┐
│ Emulator       │ Host:Port      │ View in Emulator UI             │
├────────────────┼────────────────┼─────────────────────────────────┤
│ Authentication │ 127.0.0.1:9099 │ http://127.0.0.1:4000/auth      │
├────────────────┼────────────────┼─────────────────────────────────┤
│ Firestore      │ 127.0.0.1:8080 │ http://127.0.0.1:4000/firestore │
└────────────────┴────────────────┴─────────────────────────────────┘
  Emulator Hub host: 127.0.0.1 port: 4400
  Other reserved ports: 4500, 9150

Issues? Report them at https://github.com/firebase/firebase-tools/issues and attach the *-debug.log files.
 
[debug] [2026-08-25T20:25:04.814Z] Aug 25, 2026 8:25:04 PM io.gapi.emulators.netty.HttpVersionRoutingHandler channelRead
INFO: Detected HTTP/2 connection.
 {"metadata":{"emulator":{"name":"firestore"},"message":"Aug 25, 2026 8:25:04 PM io.gapi.emulators.netty.HttpVersionRoutingHandler channelRead\nINFO: Detected HTTP/2 connection.\n"}}
[debug] [2026-08-25T21:43:32.921Z] Aug 25, 2026 9:43:32 PM io.gapi.emulators.netty.HttpVersionRoutingHandler channelRead
INFO: Detected HTTP/2 connection.
 {"metadata":{"emulator":{"name":"firestore"},"message":"Aug 25, 2026 9:43:32 PM io.gapi.emulators.netty.HttpVersionRoutingHandler channelRead\nINFO: Detected HTTP/2 connection.\n"}}
[debug] [2026-08-25T21:45:10.980Z] Aug 25, 2026 9:45:10 PM io.gapi.emulators.netty.HttpVersionRoutingHandler channelRead
INFO: Detected HTTP/2 connection.
 {"metadata":{"emulator":{"name":"firestore"},"message":"Aug 25, 2026 9:45:10 PM io.gapi.emulators.netty.HttpVersionRoutingHandler channelRead\nINFO: Detected HTTP/2 connection.\n"}}
[debug] [2026-08-25T21:46:48.911Z] Aug 25, 2026 9:46:48 PM io.gapi.emulators.netty.HttpVersionRoutingHandler channelRead
INFO: Detected HTTP/2 connection.
 {"metadata":{"emulator":{"name":"firestore"},"message":"Aug 25, 2026 9:46:48 PM io.gapi.emulators.netty.HttpVersionRoutingHandler channelRead\nINFO: Detected HTTP/2 connection.\n"}}
